# Bake Begins!
### (1 of 6) Copy sources
$ cp -a /home/travis/build/fontdirectory/syncopate/METADATA.json /home/travis/build/fontdirectory/syncopate/builds/build
$ cp -a /home/travis/build/fontdirectory/syncopate/DESCRIPTION.en_us.html /home/travis/build/fontdirectory/syncopate/builds/build
$ cp -a Syncopate-Bold.ttf.ttx Syncopate-Regular.ttf.ttx src/Syncopate-Regular-VTT.ttf.ttx src/Syncopate-Bold-VTT.ttf.ttx Syncopate-Bold.ttf._h_e_a_d.ttx Syncopate-Bold.ttf._p_o_s_t.ttx Syncopate-Bold.ttf.L_T_S_H_.ttx Syncopate-Bold.ttf._g_l_y_f.ttx Syncopate-Bold.ttf._p_r_e_p.ttx Syncopate-Bold.ttf._c_v_t.ttx Syncopate-Bold.ttf._h_m_t_x.ttx Syncopate-Bold.ttf._n_a_m_e.ttx Syncopate-Bold.ttf._h_h_e_a.ttx Syncopate-Bold.ttf._f_p_g_m.ttx Syncopate-Bold.ttf._c_m_a_p.ttx Syncopate-Bold.ttf._h_d_m_x.ttx Syncopate-Bold.ttf._g_a_s_p.ttx Syncopate-Bold.ttf._l_o_c_a.ttx Syncopate-Bold.ttf.G_P_O_S_.ttx Syncopate-Bold.ttf.GlyphOrder.ttx Syncopate-Bold.ttf._k_e_r_n.ttx Syncopate-Bold.ttf._m_a_x_p.ttx Syncopate-Bold.ttf.O_S_2f_2.ttx Syncopate-Regular.ttf._h_m_t_x.ttx Syncopate-Regular.ttf._c_v_t.ttx Syncopate-Regular.ttf._h_h_e_a.ttx Syncopate-Regular.ttf._n_a_m_e.ttx Syncopate-Regular.ttf._k_e_r_n.ttx Syncopate-Regular.ttf._g_a_s_p.ttx Syncopate-Regular.ttf._m_a_x_p.ttx Syncopate-Regular.ttf._h_e_a_d.ttx Syncopate-Regular.ttf.G_P_O_S_.ttx Syncopate-Regular.ttf._h_d_m_x.ttx Syncopate-Regular.ttf._c_m_a_p.ttx Syncopate-Regular.ttf._p_r_e_p.ttx Syncopate-Regular.ttf.L_T_S_H_.ttx Syncopate-Regular.ttf.O_S_2f_2.ttx Syncopate-Regular.ttf._p_o_s_t.ttx Syncopate-Regular.ttf._g_l_y_f.ttx Syncopate-Regular.ttf.GlyphOrder.ttx Syncopate-Regular.ttf._l_o_c_a.ttx Syncopate-Regular.ttf._f_p_g_m.ttx src/Syncopate-Regular-VTT.ttf._c_v_t.ttx src/Syncopate-Regular-VTT.ttf.G_P_O_S_.ttx src/Syncopate-Regular-VTT.ttf._g_l_y_f.ttx src/Syncopate-Regular-VTT.ttf._k_e_r_n.ttx src/Syncopate-Regular-VTT.ttf._h_e_a_d.ttx src/Syncopate-Regular-VTT.ttf._c_m_a_p.ttx src/Syncopate-Regular-VTT.ttf.GlyphOrder.ttx src/Syncopate-Regular-VTT.ttf.T_S_I__3.ttx src/Syncopate-Regular-VTT.ttf._m_a_x_p.ttx src/Syncopate-Regular-VTT.ttf.T_S_I__0.ttx src/Syncopate-Regular-VTT.ttf._g_a_s_p.ttx src/Syncopate-Regular-VTT.ttf._n_a_m_e.ttx src/Syncopate-Regular-VTT.ttf._h_m_t_x.ttx src/Syncopate-Regular-VTT.ttf.O_S_2f_2.ttx src/Syncopate-Regular-VTT.ttf.T_S_I__2.ttx src/Syncopate-Regular-VTT.ttf._l_o_c_a.ttx src/Syncopate-Regular-VTT.ttf.T_S_I__1.ttx src/Syncopate-Regular-VTT.ttf._h_h_e_a.ttx src/Syncopate-Regular-VTT.ttf._p_o_s_t.ttx src/Syncopate-Regular-VTT.ttf.T_S_I__5.ttx src/Syncopate-Regular-VTT.ttf._f_p_g_m.ttx src/Syncopate-Regular-VTT.ttf._p_r_e_p.ttx src/Syncopate-Bold-VTT.ttf.G_P_O_S_.ttx src/Syncopate-Bold-VTT.ttf._l_o_c_a.ttx src/Syncopate-Bold-VTT.ttf._h_h_e_a.ttx src/Syncopate-Bold-VTT.ttf.O_S_2f_2.ttx src/Syncopate-Bold-VTT.ttf._g_a_s_p.ttx src/Syncopate-Bold-VTT.ttf._g_l_y_f.ttx src/Syncopate-Bold-VTT.ttf.T_S_I__3.ttx src/Syncopate-Bold-VTT.ttf.GlyphOrder.ttx src/Syncopate-Bold-VTT.ttf.T_S_I__0.ttx src/Syncopate-Bold-VTT.ttf._h_e_a_d.ttx src/Syncopate-Bold-VTT.ttf.T_S_I__1.ttx src/Syncopate-Bold-VTT.ttf.T_S_I__2.ttx src/Syncopate-Bold-VTT.ttf._n_a_m_e.ttx src/Syncopate-Bold-VTT.ttf._h_m_t_x.ttx src/Syncopate-Bold-VTT.ttf._c_v_t.ttx src/Syncopate-Bold-VTT.ttf._m_a_x_p.ttx src/Syncopate-Bold-VTT.ttf.T_S_I__5.ttx src/Syncopate-Bold-VTT.ttf._f_p_g_m.ttx src/Syncopate-Bold-VTT.ttf._p_o_s_t.ttx src/Syncopate-Bold-VTT.ttf.L_T_S_H_.ttx src/Syncopate-Bold-VTT.ttf._p_r_e_p.ttx src/Syncopate-Bold-VTT.ttf._c_m_a_p.ttx src/Syncopate-Bold-VTT.ttf._k_e_r_n.ttx src/Syncopate-Bold-VTT.ttf._h_d_m_x.ttx /home/travis/build/fontdirectory/syncopate/builds/build/sources
### (2 of 6) pyfontaine
### (3 of 6) Run upstream tests
$ fontbakery-check.py upstream-repo sources
bakery_lint.tests.upstream.test_check_upstream_sources.ProjectUpstreamTestCase.test_bakery_yaml_exists(): OK
bakery_lint.tests.upstream.test_check_upstream_sources.ProjectUpstreamTestCase.test_copyright_notices_same_across_family(): OK
bakery_lint.tests.upstream.test_check_upstream_sources.ProjectUpstreamTestCase.test_description_html_exists(): OK
bakery_lint.tests.upstream.test_check_upstream_sources.ProjectUpstreamTestCase.test_fontlog_txt_exists(): FAIL
bakery_lint.tests.upstream.test_check_upstream_sources.ProjectUpstreamTestCase.test_metadata_json_exists(): OK
$ fontaine --collections subsets --text /home/travis/build/fontdirectory/syncopate/builds/build/sources/Syncopate-Bold.ttf.ttx /home/travis/build/fontdirectory/syncopate/builds/build/sources/Syncopate-Regular.ttf.ttx /home/travis/build/fontdirectory/syncopate/builds/build/sources/Syncopate-Regular-VTT.ttf.ttx /home/travis/build/fontdirectory/syncopate/builds/build/sources/Syncopate-Bold-VTT.ttf.ttx > fontaine.txt
WARNING: Please install [PyICU](https://pypi.python.org/pypi/PyICU) toenable [feature], perhaps with: pip install pyicu
bakery_lint.tests.upstream.test_prepolation.FontTestPrepolation.test_font_prepolation_glyph_contours(): OK
end of pyfontaine process
bakery_lint.tests.upstream.test_prepolation.FontTestPrepolation.test_font_prepolation_glyph_points(): OK
bakery_lint.tests.upstream.test_prepolation.FontTestPrepolation.test_font_test_prepolation_glyph_names(): OK
bakery_lint.tests.upstream.test_diacritic.TestDiacritic.test_diacritic_made_as_component(): OK
bakery_lint.tests.upstream.test_diacritic.TestDiacritic.test_diacritic_made_as_mark_to_mark(): OK
bakery_lint.tests.upstream.test_diacritic.TestDiacritic.test_diacritic_made_as_own_glyphs(): OK
$ fontbakery-check.py upstream-ttx Syncopate-Bold.ttf.ttx
bakery_lint.tests.upstream.test_check_ttx_requirements.SourceTTXTest.test_epar_in_keys(): FAIL
bakery_lint.tests.upstream.test_check_ttx_requirements.SourceTTXTest.test_os2_in_keys(): OK
bakery_lint.tests.upstream.test_check_ttx_requirements.SourceTTXTest.test_ttx_doesnt_contain_duplicate_glyphs(): OK
bakery_lint.tests.upstream.test_font_filename_eq_familystyle.TestTTFSourceFontFileNameEqualsFamilyStyle.test_source_ttf_font_filename_equals_familystyle(): FAIL
$ mv /home/travis/build/fontdirectory/syncopate/builds/build/sources/Syncopate-Bold.ttf.ttx /home/travis/build/fontdirectory/syncopate/builds/build/sources/Syncopate-Bold.ttx
bakery_lint.tests.upstream.test_font_filename_eq_familystyle.TestTTFSourceFontFileNameEqualsFamilyStyle.test_source_ttf_font_filename_equals_familystyle(): OK
bakery_lint.tests.upstream.test_glyphname_does_not_contain_disallowed_chars.TestGlyphNameDoesNotContainsDisallowedChars.test_glyphname_does_not_contain_disallowed_chars(): OK
bakery_lint.tests.upstream.test_check_ttx_fontfamily_recommendations.TTX_FontFamilyNamingTest.test_ttx_family_naming_recommendation(): OK
$ fontbakery-check.py upstream-ttx Syncopate-Regular.ttf.ttx
bakery_lint.tests.upstream.test_check_ttx_requirements.SourceTTXTest.test_epar_in_keys(): FAIL
bakery_lint.tests.upstream.test_check_ttx_requirements.SourceTTXTest.test_os2_in_keys(): OK
bakery_lint.tests.upstream.test_check_ttx_requirements.SourceTTXTest.test_ttx_doesnt_contain_duplicate_glyphs(): OK
bakery_lint.tests.upstream.test_font_filename_eq_familystyle.TestTTFSourceFontFileNameEqualsFamilyStyle.test_source_ttf_font_filename_equals_familystyle(): FAIL
$ mv /home/travis/build/fontdirectory/syncopate/builds/build/sources/Syncopate-Regular.ttf.ttx /home/travis/build/fontdirectory/syncopate/builds/build/sources/Syncopate-Regular.ttx
bakery_lint.tests.upstream.test_font_filename_eq_familystyle.TestTTFSourceFontFileNameEqualsFamilyStyle.test_source_ttf_font_filename_equals_familystyle(): OK
bakery_lint.tests.upstream.test_glyphname_does_not_contain_disallowed_chars.TestGlyphNameDoesNotContainsDisallowedChars.test_glyphname_does_not_contain_disallowed_chars(): OK
bakery_lint.tests.upstream.test_check_ttx_fontfamily_recommendations.TTX_FontFamilyNamingTest.test_ttx_family_naming_recommendation(): OK
$ fontbakery-check.py upstream-ttx Syncopate-Regular-VTT.ttf.ttx
bakery_lint.tests.upstream.test_check_ttx_requirements.SourceTTXTest.test_epar_in_keys(): FAIL
bakery_lint.tests.upstream.test_check_ttx_requirements.SourceTTXTest.test_os2_in_keys(): OK
bakery_lint.tests.upstream.test_check_ttx_requirements.SourceTTXTest.test_ttx_doesnt_contain_duplicate_glyphs(): OK
bakery_lint.tests.upstream.test_font_filename_eq_familystyle.TestTTFSourceFontFileNameEqualsFamilyStyle.test_source_ttf_font_filename_equals_familystyle(): FAIL
$ mv /home/travis/build/fontdirectory/syncopate/builds/build/sources/Syncopate-Regular-VTT.ttf.ttx /home/travis/build/fontdirectory/syncopate/builds/build/sources/Syncopate-Regular.ttx
bakery_lint.tests.upstream.test_font_filename_eq_familystyle.TestTTFSourceFontFileNameEqualsFamilyStyle.test_source_ttf_font_filename_equals_familystyle(): OK
bakery_lint.tests.upstream.test_glyphname_does_not_contain_disallowed_chars.TestGlyphNameDoesNotContainsDisallowedChars.test_glyphname_does_not_contain_disallowed_chars(): OK
bakery_lint.tests.upstream.test_check_ttx_fontfamily_recommendations.TTX_FontFamilyNamingTest.test_ttx_family_naming_recommendation(): OK
$ fontbakery-check.py upstream-ttx Syncopate-Bold-VTT.ttf.ttx
bakery_lint.tests.upstream.test_check_ttx_requirements.SourceTTXTest.test_epar_in_keys(): FAIL
bakery_lint.tests.upstream.test_check_ttx_requirements.SourceTTXTest.test_os2_in_keys(): OK
bakery_lint.tests.upstream.test_check_ttx_requirements.SourceTTXTest.test_ttx_doesnt_contain_duplicate_glyphs(): OK
bakery_lint.tests.upstream.test_font_filename_eq_familystyle.TestTTFSourceFontFileNameEqualsFamilyStyle.test_source_ttf_font_filename_equals_familystyle(): FAIL
$ mv /home/travis/build/fontdirectory/syncopate/builds/build/sources/Syncopate-Bold-VTT.ttf.ttx /home/travis/build/fontdirectory/syncopate/builds/build/sources/Syncopate-Bold.ttx
bakery_lint.tests.upstream.test_font_filename_eq_familystyle.TestTTFSourceFontFileNameEqualsFamilyStyle.test_source_ttf_font_filename_equals_familystyle(): OK
bakery_lint.tests.upstream.test_glyphname_does_not_contain_disallowed_chars.TestGlyphNameDoesNotContainsDisallowedChars.test_glyphname_does_not_contain_disallowed_chars(): OK
bakery_lint.tests.upstream.test_check_ttx_fontfamily_recommendations.TTX_FontFamilyNamingTest.test_ttx_family_naming_recommendation(): OK
### (4 of 6) Convert sources to TTF
$ ttx -d /home/travis/build/fontdirectory/syncopate/builds/build /home/travis/build/fontdirectory/syncopate/builds/build/sources/Syncopate-Bold.ttx /home/travis/build/fontdirectory/syncopate/builds/build/sources/Syncopate-Regular.ttx
Compiling "/home/travis/build/fontdirectory/syncopate/builds/build/sources/Syncopate-Bold.ttx" to "/home/travis/build/fontdirectory/syncopate/builds/build/Syncopate-Bold.ttf"...
Parsing 'GlyphOrder' table...
Parsing 'head' table...
Parsing 'hhea' table...
Parsing 'maxp' table...
Parsing 'OS/2' table...
Parsing 'hmtx' table...
Parsing 'LTSH' table...
Parsing 'hdmx' table...
Parsing 'cmap' table...
Parsing 'fpgm' table...
Parsing 'prep' table...
Parsing 'cvt ' table...
Parsing 'loca' table...
Parsing 'glyf' table...
Parsing 'kern' table...
Parsing 'name' table...
Parsing 'post' table...
Parsing 'gasp' table...
Parsing 'GPOS' table...
Parsing 'TSI0' table...
Parsing 'TSI1' table...
Parsing 'TSI2' table...
Parsing 'TSI3' table...
Parsing 'TSI5' table...
Compiling "/home/travis/build/fontdirectory/syncopate/builds/build/sources/Syncopate-Regular.ttx" to "/home/travis/build/fontdirectory/syncopate/builds/build/Syncopate-Regular.ttf"...
Parsing 'GlyphOrder' table...
Parsing 'head' table...
Parsing 'hhea' table...
Parsing 'maxp' table...
Parsing 'OS/2' table...
Parsing 'hmtx' table...
Parsing 'cmap' table...
Parsing 'fpgm' table...
Parsing 'prep' table...
Parsing 'cvt ' table...
Parsing 'loca' table...
Parsing 'glyf' table...
Parsing 'kern' table...
Parsing 'name' table...
Parsing 'post' table...
Parsing 'gasp' table...
Parsing 'GPOS' table...
Parsing 'TSI0' table...
Parsing 'TSI1' table...
Parsing 'TSI2' table...
Parsing 'TSI3' table...
Parsing 'TSI5' table...
### Test Syncopate-Bold.ttf
$ fontbakery-check.py result Syncopate-Bold.ttf
bakery_lint.tests.downstream.test_check_font_agreements.CheckFsTypeIsNotSet.test_is_fstype_not_set(): OK
$ fontbakery-fix-fstype.py --autofix /home/travis/build/fontdirectory/syncopate/builds/build/Syncopate-Bold.ttf
$ mv /home/travis/build/fontdirectory/syncopate/builds/build/Syncopate-Bold.ttf.fix /home/travis/build/fontdirectory/syncopate/builds/build/Syncopate-Bold.ttf
bakery_lint.tests.downstream.test_check_font_agreements.CheckFontAgreements.test_em_is_1000(): FAIL
bakery_lint.tests.downstream.test_check_font_agreements.CheckFontAgreements.test_font_is_font(): OK
bakery_lint.tests.downstream.test_check_font_agreements.CheckFontAgreements.test_latin_file_exists(): FAIL
bakery_lint.tests.downstream.test_check_font_agreements.CheckFontAgreements.test_menu_file_exists(): FAIL
bakery_lint.tests.downstream.test_check_vertical_metrics.CheckVerticalLinegapMetrics.test_metrics_linegaps_are_zero(): FAIL
$ fontbakery-fix-vertical-metrics.py --autofix /home/travis/build/fontdirectory/syncopate/builds/build/Syncopate-Bold.ttf /home/travis/build/fontdirectory/syncopate/builds/build/Syncopate-Regular.ttf
$ mv /home/travis/build/fontdirectory/syncopate/builds/build/Syncopate-Bold.ttf.fix /home/travis/build/fontdirectory/syncopate/builds/build/Syncopate-Bold.ttf
$ mv /home/travis/build/fontdirectory/syncopate/builds/build/Syncopate-Regular.ttf.fix /home/travis/build/fontdirectory/syncopate/builds/build/Syncopate-Regular.ttf
$ fontbakery-fix-vertical-metrics.py /home/travis/build/fontdirectory/syncopate/builds/build/Syncopate-Bold.ttf /home/travis/build/fontdirectory/syncopate/builds/build/Syncopate-Regular.ttf
Parameter              Syncopate-Bold.ttf    Syncopate-Regular.ttf    
ymax                   1964                  1853                     
hhea.ascent            1964                  1964                     
OS/2.sTypoAscender     1964                  1964                     
OS/2.usWinAscent       1964                  1964                     
ymin                   -523                  -483                     
hhea.descent           -523                  -523                     
OS/2.sTypoDescender    -523                  -523                     
OS/2.usWinDescent      523                   523                      
hhea.lineGap           0                     0                        
OS/2.sTypoLineGap      0                     0                        
hhea total             2487                  2487                     
typo total             2487                  2487                     
win total              2487                  2487                     
UPM:Heights            2048:2487             2048:2336                
UPM:Heights %          121 %                 114 %                    


bakery_lint.tests.downstream.test_check_vertical_metrics.CheckVerticalLinegapMetrics.test_metrics_linegaps_are_zero(): OK
bakery_lint.tests.downstream.test_check_vertical_metrics.CheckVerticalAscentMetrics.test_metrics_ascents_equal_bbox(): OK
bakery_lint.tests.downstream.test_check_vertical_metrics.CheckVerticalDescentMetrics.test_metrics_descents_equal_bbox(): OK
bakery_lint.tests.downstream.test_check_unencoded_glyph.TestFontUnencodedGlyph.test_font_unencoded_glyphs(): FAIL
$ fontbakery-fix-glyph-private-encoding.py --autofix /home/travis/build/fontdirectory/syncopate/builds/build/Syncopate-Bold.ttf
bakery_lint.tests.downstream.test_check_unencoded_glyph.TestFontUnencodedGlyph.test_font_unencoded_glyphs(): FAIL
bakery_lint.tests.downstream.test_check_full_font_name_begins_with_family_name.CheckFullFontNameBeginsWithFamilyName.test_check_full_font_name_begins_with_family_name(): OK
bakery_lint.tests.downstream.test_names_are_ascii_only.CheckNamesAreASCIIOnly.test_check_names_are_ascii_only(): OK
bakery_lint.tests.downstream.test_check_glyf_table_length.CheckGlyfTableLength.test_check_glyf_table_length(): FAIL
bakery_lint.tests.downstream.test_check_font_tables.CheckFontHasDsigTable.test_check_font_has_dsig_table(): FAIL
$ fontbakery-fix-dsig.py /home/travis/build/fontdirectory/syncopate/builds/build/Syncopate-Bold.ttf
$ mv /home/travis/build/fontdirectory/syncopate/builds/build/Syncopate-Bold.ttf.fix /home/travis/build/fontdirectory/syncopate/builds/build/Syncopate-Bold.ttf
bakery_lint.tests.downstream.test_check_font_tables.CheckFontHasDsigTable.test_check_font_has_dsig_table(): OK
bakery_lint.tests.downstream.test_check_font_tables.CheckFontHasNotKernTable.test_no_kern_table_exists(): OK
bakery_lint.tests.downstream.test_check_italic_angle_agreement.CheckItalicAngleAgreement.test_check_italic_angle_agreement(): OK
bakery_lint.tests.downstream.test_check_nbsp_width_matches_sp_width.CheckNbspWidthMatchesSpWidth.test_check_nbsp_width_matches_sp_width(): FAIL
$ fontbakery-fix-nbsp.py /home/travis/build/fontdirectory/syncopate/builds/build/Syncopate-Bold.ttf
$ mv /home/travis/build/fontdirectory/syncopate/builds/build/Syncopate-Bold.ttf.fix /home/travis/build/fontdirectory/syncopate/builds/build/Syncopate-Bold.ttf
bakery_lint.tests.downstream.test_check_nbsp_width_matches_sp_width.CheckNbspWidthMatchesSpWidth.test_check_nbsp_width_matches_sp_width(): FAIL
bakery_lint.tests.downstream.test_check_no_problematic_formats.CheckNoProblematicFormats.test_check_no_problematic_formats(): OK
bakery_lint.tests.downstream.test_check_name_table_recommendation.CheckStyleNameRecommendation.test_check_stylename_is_under_recommendations(): OK
bakery_lint.tests.downstream.test_check_name_table_recommendation.CheckOTFamilyNameRecommendation.test_check_opentype_familyname(): FAIL
$ fontbakery-fix-opentype-names.py /home/travis/build/fontdirectory/syncopate/builds/build/Syncopate-Bold.ttf
$ mv /home/travis/build/fontdirectory/syncopate/builds/build/Syncopate-Bold.ttf.fix /home/travis/build/fontdirectory/syncopate/builds/build/Syncopate-Bold.ttf
bakery_lint.tests.downstream.test_check_name_table_recommendation.CheckOTFamilyNameRecommendation.test_check_opentype_familyname(): OK
bakery_lint.tests.downstream.test_check_name_table_recommendation.CheckOTStyleNameRecommendation.test_check_opentype_stylename(): OK
bakery_lint.tests.downstream.test_check_name_table_recommendation.CheckOTFullNameRecommendation.test_check_opentype_fullname(): OK
The following table(s) in the font have been ignored by FontForge
  Ignoring 'DSIG' digital signature table
  Ignoring 'LTSH' linear threshold table
  Ignoring 'TSI0'
  Ignoring 'TSI1'
  Ignoring 'TSI2'
  Ignoring 'TSI3'
  Ignoring 'TSI5'
  Ignoring 'hdmx' horizontal device metrics table
This font contains both a 'kern' table and a 'GPOS' table.
  The 'kern' table will only be read if there is no 'kern' feature in 'GPOS'.
The glyph named mu is mapped to U+03BC.
But its name indicates it should be mapped to U+00B5.
bakery_lint.tests.downstream.test_fontforge_validation_state.FontForgeValidateStateTest.test_allowed_numbers_paths_in_composite_glyphs(): OK
bakery_lint.tests.downstream.test_fontforge_validation_state.FontForgeValidateStateTest.test_allowed_numbers_paths_in_glyphs(): OK
bakery_lint.tests.downstream.test_fontforge_validation_state.FontForgeValidateStateTest.test_allowed_numbers_points_in_composite_glyphs(): OK
bakery_lint.tests.downstream.test_fontforge_validation_state.FontForgeValidateStateTest.test_allowed_numbers_points_in_glyphs(): OK
bakery_lint.tests.downstream.test_fontforge_validation_state.FontForgeValidateStateTest.test_duplicate_glyphs(): OK
bakery_lint.tests.downstream.test_fontforge_validation_state.FontForgeValidateStateTest.test_duplicate_unicode_codepoints(): OK
bakery_lint.tests.downstream.test_fontforge_validation_state.FontForgeValidateStateTest.test_flipped_reference_in_glyphs(): OK
bakery_lint.tests.downstream.test_fontforge_validation_state.FontForgeValidateStateTest.test_missing_anchors(): OK
bakery_lint.tests.downstream.test_fontforge_validation_state.FontForgeValidateStateTest.test_missing_extrema_in_glyphs(): FAIL
bakery_lint.tests.downstream.test_fontforge_validation_state.FontForgeValidateStateTest.test_overlapped_hints(): OK
bakery_lint.tests.downstream.test_fontforge_validation_state.FontForgeValidateStateTest.test_points_are_integer_aligned(): OK
bakery_lint.tests.downstream.test_fontforge_validation_state.FontForgeValidateStateTest.test_points_are_not_too_far_apart(): OK
bakery_lint.tests.downstream.test_fontforge_validation_state.FontForgeValidateStateTest.test_postscript_hasnt_limit_hints_in_glyphs(): OK
bakery_lint.tests.downstream.test_fontforge_validation_state.FontForgeValidateStateTest.test_postscript_hasnt_limit_points_in_glyphs(): OK
bakery_lint.tests.downstream.test_fontforge_validation_state.FontForgeValidateStateTest.test_referenced_glyphs_are_present(): OK
bakery_lint.tests.downstream.test_fontforge_validation_state.FontForgeValidateStateTest.test_valid_glyph_names(): OK
bakery_lint.tests.downstream.test_fontforge_validation_state.FontForgeValidateStateTest.test_valid_length_instructions(): OK
bakery_lint.tests.downstream.test_fontforge_validation_state.FontForgeValidateStateTest.test_validation_glyph_intersect(): FAIL
bakery_lint.tests.downstream.test_fontforge_validation_state.FontForgeValidateStateTest.test_validation_open_contours(): OK
bakery_lint.tests.downstream.test_fontforge_validation_state.FontForgeValidateStateTest.test_wrong_direction_in_glyphs(): OK
bakery_lint.tests.downstream.test_check_upm_heights_less_120.TestCheckUPMHeightsLess120.test_check_upm_heigths_less_120(): FAIL
bakery_lint.tests.downstream.test_check_names_same_across_platforms.CheckNamesSameAcrossPlatforms.test_check_names_same_across_platforms(): OK
bakery_lint.tests.downstream.test_check_magic_prep_code.CheckMagicPREPByteCode.test_prep_magic_code(): FAIL
bakery_lint.tests.downstream.test_check_unused_glyph_data.CheckUnusedGlyphData.test_check_unused_glyph_data(): ERROR
bakery_lint.tests.downstream.test_check_os2_width_class.CheckOS2WidthClass.test_check_os2_width_class(): OK
bakery_lint.tests.downstream.test_check_license_included.CheckLicenseIncluded.test_license_included_in_font_names(): OK
bakery_lint.tests.downstream.test_check_panose_identification.CheckPanoseIdentification.test_check_panose_identification(): OK
bakery_lint.tests.downstream.test_check_glyph_existence.CheckGlyphExistence.test_euro(): OK
bakery_lint.tests.downstream.test_check_glyph_existence.CheckGlyphExistence.test_nbsp(): OK
bakery_lint.tests.downstream.test_check_glyph_existence.CheckGlyphExistence.test_space(): OK
bakery_lint.tests.downstream.test_gpos_table_has_kerning_info.CheckGposTableHasKerningInfo.test_gpos_table_has_kerning_info(): ERROR
bakery_lint.tests.downstream.test_check_hmtx_hhea_max_advance_width_agreement.CheckHmtxHheaMaxAdvanceWidthAgreement.test_check_hmtx_hhea_max_advance_width_agreement(): OK
bakery_lint.tests.downstream.test_check_fontname_matches_macstyle.CheckFontNameEqualToMacStyleFlags.test_fontname_is_equal_to_macstyle(): FAIL
bakery_lint.tests.downstream.test_gasp_table_value.CheckGaspTableType.test_check_gasp_table_type(): FAIL
$ fontbakery-fix-gasp.py --set=15 /home/travis/build/fontdirectory/syncopate/builds/build/Syncopate-Bold.ttf
$ mv /home/travis/build/fontdirectory/syncopate/builds/build/Syncopate-Bold.ttf.fix /home/travis/build/fontdirectory/syncopate/builds/build/Syncopate-Bold.ttf
bakery_lint.tests.downstream.test_gasp_table_value.CheckGaspTableType.test_check_gasp_table_type(): OK
$ fontbakery-fix-gasp.py --set=15 /home/travis/build/fontdirectory/syncopate/builds/build/Syncopate-Bold.ttf
$ mv /home/travis/build/fontdirectory/syncopate/builds/build/Syncopate-Bold.ttf.fix /home/travis/build/fontdirectory/syncopate/builds/build/Syncopate-Bold.ttf
### Optimize TTF Syncopate-Bold.ttf
$ ls -l 'Syncopate-Bold.ttf'* # look at the size savings of that subset process
Syncopate-Bold.ttf.opt: 45748 bytes
Syncopate-Bold.ttf: 157772 bytes
$ mv /home/travis/build/fontdirectory/syncopate/builds/build/Syncopate-Bold.ttf.opt /home/travis/build/fontdirectory/syncopate/builds/build/Syncopate-Bold.ttf
### Autohint TTFs (ttfautohint) Syncopate-Bold.ttf
$ ttfautohint -l 7 -r 28 -G 50 -x 13 -w "G" /home/travis/build/fontdirectory/syncopate/builds/build/Syncopate-Bold.ttf '/home/travis/build/fontdirectory/syncopate/builds/build/Syncopate-Bold.autohint.ttf'

$ ls -l /home/travis/build/fontdirectory/syncopate/builds/build/Syncopate-Bold.*ttf # look at the size savings of that subset process
/home/travis/build/fontdirectory/syncopate/builds/build/Syncopate-Bold.ttf: 45748 bytes
/home/travis/build/fontdirectory/syncopate/builds/build/Syncopate-Bold.autohint.ttf: 46300 bytes
$ mv /home/travis/build/fontdirectory/syncopate/builds/build/Syncopate-Bold.autohint.ttf /home/travis/build/fontdirectory/syncopate/builds/build/Syncopate-Bold.ttf
### Subset TTFs (pyftsubset) Syncopate-Bold.ttf
$ pyftsubset Syncopate-Bold.latin
$ pyftsubset Syncopate-Bold.menu
spaceWidth is    770
nbspWidth is     770
Nothing to do
strippedname:/home/travis/build/fontdirectory/syncopate/builds/build/Syncopate-Bold.ttf
### Test Syncopate-Regular.ttf
$ fontbakery-check.py result Syncopate-Regular.ttf
bakery_lint.tests.downstream.test_check_font_agreements.CheckFsTypeIsNotSet.test_is_fstype_not_set(): FAIL
$ fontbakery-fix-fstype.py --autofix /home/travis/build/fontdirectory/syncopate/builds/build/Syncopate-Regular.ttf
$ mv /home/travis/build/fontdirectory/syncopate/builds/build/Syncopate-Regular.ttf.fix /home/travis/build/fontdirectory/syncopate/builds/build/Syncopate-Regular.ttf
bakery_lint.tests.downstream.test_check_font_agreements.CheckFsTypeIsNotSet.test_is_fstype_not_set(): OK
$ fontbakery-fix-fstype.py --autofix /home/travis/build/fontdirectory/syncopate/builds/build/Syncopate-Regular.ttf
$ mv /home/travis/build/fontdirectory/syncopate/builds/build/Syncopate-Regular.ttf.fix /home/travis/build/fontdirectory/syncopate/builds/build/Syncopate-Regular.ttf
bakery_lint.tests.downstream.test_check_font_agreements.CheckFontAgreements.test_em_is_1000(): FAIL
bakery_lint.tests.downstream.test_check_font_agreements.CheckFontAgreements.test_font_is_font(): OK
bakery_lint.tests.downstream.test_check_font_agreements.CheckFontAgreements.test_latin_file_exists(): FAIL
bakery_lint.tests.downstream.test_check_font_agreements.CheckFontAgreements.test_menu_file_exists(): FAIL
bakery_lint.tests.downstream.test_check_vertical_metrics.CheckVerticalLinegapMetrics.test_metrics_linegaps_are_zero(): OK
bakery_lint.tests.downstream.test_check_vertical_metrics.CheckVerticalAscentMetrics.test_metrics_ascents_equal_bbox(): OK
bakery_lint.tests.downstream.test_check_vertical_metrics.CheckVerticalDescentMetrics.test_metrics_descents_equal_bbox(): OK
bakery_lint.tests.downstream.test_check_unencoded_glyph.TestFontUnencodedGlyph.test_font_unencoded_glyphs(): FAIL
$ fontbakery-fix-glyph-private-encoding.py --autofix /home/travis/build/fontdirectory/syncopate/builds/build/Syncopate-Regular.ttf
bakery_lint.tests.downstream.test_check_unencoded_glyph.TestFontUnencodedGlyph.test_font_unencoded_glyphs(): FAIL
bakery_lint.tests.downstream.test_check_full_font_name_begins_with_family_name.CheckFullFontNameBeginsWithFamilyName.test_check_full_font_name_begins_with_family_name(): OK
bakery_lint.tests.downstream.test_names_are_ascii_only.CheckNamesAreASCIIOnly.test_check_names_are_ascii_only(): OK
bakery_lint.tests.downstream.test_check_glyf_table_length.CheckGlyfTableLength.test_check_glyf_table_length(): FAIL
bakery_lint.tests.downstream.test_check_font_tables.CheckFontHasDsigTable.test_check_font_has_dsig_table(): FAIL
$ fontbakery-fix-dsig.py /home/travis/build/fontdirectory/syncopate/builds/build/Syncopate-Regular.ttf
$ mv /home/travis/build/fontdirectory/syncopate/builds/build/Syncopate-Regular.ttf.fix /home/travis/build/fontdirectory/syncopate/builds/build/Syncopate-Regular.ttf
bakery_lint.tests.downstream.test_check_font_tables.CheckFontHasDsigTable.test_check_font_has_dsig_table(): OK
bakery_lint.tests.downstream.test_check_font_tables.CheckFontHasNotKernTable.test_no_kern_table_exists(): OK
bakery_lint.tests.downstream.test_check_italic_angle_agreement.CheckItalicAngleAgreement.test_check_italic_angle_agreement(): OK
bakery_lint.tests.downstream.test_check_nbsp_width_matches_sp_width.CheckNbspWidthMatchesSpWidth.test_check_nbsp_width_matches_sp_width(): FAIL
$ fontbakery-fix-nbsp.py /home/travis/build/fontdirectory/syncopate/builds/build/Syncopate-Regular.ttf
$ mv /home/travis/build/fontdirectory/syncopate/builds/build/Syncopate-Regular.ttf.fix /home/travis/build/fontdirectory/syncopate/builds/build/Syncopate-Regular.ttf
bakery_lint.tests.downstream.test_check_nbsp_width_matches_sp_width.CheckNbspWidthMatchesSpWidth.test_check_nbsp_width_matches_sp_width(): FAIL
bakery_lint.tests.downstream.test_check_no_problematic_formats.CheckNoProblematicFormats.test_check_no_problematic_formats(): OK
bakery_lint.tests.downstream.test_check_name_table_recommendation.CheckStyleNameRecommendation.test_check_stylename_is_under_recommendations(): OK
bakery_lint.tests.downstream.test_check_name_table_recommendation.CheckOTFamilyNameRecommendation.test_check_opentype_familyname(): OK
bakery_lint.tests.downstream.test_check_name_table_recommendation.CheckOTStyleNameRecommendation.test_check_opentype_stylename(): OK
bakery_lint.tests.downstream.test_check_name_table_recommendation.CheckOTFullNameRecommendation.test_check_opentype_fullname(): FAIL
$ fontbakery-fix-opentype-names.py /home/travis/build/fontdirectory/syncopate/builds/build/Syncopate-Regular.ttf
$ mv /home/travis/build/fontdirectory/syncopate/builds/build/Syncopate-Regular.ttf.fix /home/travis/build/fontdirectory/syncopate/builds/build/Syncopate-Regular.ttf
bakery_lint.tests.downstream.test_check_name_table_recommendation.CheckOTFullNameRecommendation.test_check_opentype_fullname(): OK
The following table(s) in the font have been ignored by FontForge
  Ignoring 'DSIG' digital signature table
  Ignoring 'TSI0'
  Ignoring 'TSI1'
  Ignoring 'TSI2'
  Ignoring 'TSI3'
  Ignoring 'TSI5'
This font contains both a 'kern' table and a 'GPOS' table.
  The 'kern' table will only be read if there is no 'kern' feature in 'GPOS'.
Warning: Mac string is a subset of the Windows string in the 'name' table
 for the Fullname string in the English (US) language.
The glyph named mu is mapped to U+03BC.
But its name indicates it should be mapped to U+00B5.
bakery_lint.tests.downstream.test_fontforge_validation_state.FontForgeValidateStateTest.test_allowed_numbers_paths_in_composite_glyphs(): OK
bakery_lint.tests.downstream.test_fontforge_validation_state.FontForgeValidateStateTest.test_allowed_numbers_paths_in_glyphs(): OK
bakery_lint.tests.downstream.test_fontforge_validation_state.FontForgeValidateStateTest.test_allowed_numbers_points_in_composite_glyphs(): OK
bakery_lint.tests.downstream.test_fontforge_validation_state.FontForgeValidateStateTest.test_allowed_numbers_points_in_glyphs(): OK
bakery_lint.tests.downstream.test_fontforge_validation_state.FontForgeValidateStateTest.test_duplicate_glyphs(): OK
bakery_lint.tests.downstream.test_fontforge_validation_state.FontForgeValidateStateTest.test_duplicate_unicode_codepoints(): OK
bakery_lint.tests.downstream.test_fontforge_validation_state.FontForgeValidateStateTest.test_flipped_reference_in_glyphs(): OK
bakery_lint.tests.downstream.test_fontforge_validation_state.FontForgeValidateStateTest.test_missing_anchors(): OK
bakery_lint.tests.downstream.test_fontforge_validation_state.FontForgeValidateStateTest.test_missing_extrema_in_glyphs(): FAIL
bakery_lint.tests.downstream.test_fontforge_validation_state.FontForgeValidateStateTest.test_overlapped_hints(): OK
bakery_lint.tests.downstream.test_fontforge_validation_state.FontForgeValidateStateTest.test_points_are_integer_aligned(): OK
bakery_lint.tests.downstream.test_fontforge_validation_state.FontForgeValidateStateTest.test_points_are_not_too_far_apart(): OK
bakery_lint.tests.downstream.test_fontforge_validation_state.FontForgeValidateStateTest.test_postscript_hasnt_limit_hints_in_glyphs(): OK
bakery_lint.tests.downstream.test_fontforge_validation_state.FontForgeValidateStateTest.test_postscript_hasnt_limit_points_in_glyphs(): OK
bakery_lint.tests.downstream.test_fontforge_validation_state.FontForgeValidateStateTest.test_referenced_glyphs_are_present(): OK
bakery_lint.tests.downstream.test_fontforge_validation_state.FontForgeValidateStateTest.test_valid_glyph_names(): OK
bakery_lint.tests.downstream.test_fontforge_validation_state.FontForgeValidateStateTest.test_valid_length_instructions(): OK
bakery_lint.tests.downstream.test_fontforge_validation_state.FontForgeValidateStateTest.test_validation_glyph_intersect(): OK
bakery_lint.tests.downstream.test_fontforge_validation_state.FontForgeValidateStateTest.test_validation_open_contours(): OK
bakery_lint.tests.downstream.test_fontforge_validation_state.FontForgeValidateStateTest.test_wrong_direction_in_glyphs(): OK
bakery_lint.tests.downstream.test_check_upm_heights_less_120.TestCheckUPMHeightsLess120.test_check_upm_heigths_less_120(): FAIL
bakery_lint.tests.downstream.test_check_names_same_across_platforms.CheckNamesSameAcrossPlatforms.test_check_names_same_across_platforms(): FAIL
bakery_lint.tests.downstream.test_check_magic_prep_code.CheckMagicPREPByteCode.test_prep_magic_code(): FAIL
bakery_lint.tests.downstream.test_check_unused_glyph_data.CheckUnusedGlyphData.test_check_unused_glyph_data(): ERROR
bakery_lint.tests.downstream.test_check_os2_width_class.CheckOS2WidthClass.test_check_os2_width_class(): OK
bakery_lint.tests.downstream.test_check_license_included.CheckLicenseIncluded.test_license_included_in_font_names(): OK
bakery_lint.tests.downstream.test_check_panose_identification.CheckPanoseIdentification.test_check_panose_identification(): OK
bakery_lint.tests.downstream.test_check_glyph_existence.CheckGlyphExistence.test_euro(): OK
bakery_lint.tests.downstream.test_check_glyph_existence.CheckGlyphExistence.test_nbsp(): OK
bakery_lint.tests.downstream.test_check_glyph_existence.CheckGlyphExistence.test_space(): OK
bakery_lint.tests.downstream.test_gpos_table_has_kerning_info.CheckGposTableHasKerningInfo.test_gpos_table_has_kerning_info(): OK
bakery_lint.tests.downstream.test_check_hmtx_hhea_max_advance_width_agreement.CheckHmtxHheaMaxAdvanceWidthAgreement.test_check_hmtx_hhea_max_advance_width_agreement(): OK
bakery_lint.tests.downstream.test_check_fontname_matches_macstyle.CheckFontNameEqualToMacStyleFlags.test_fontname_is_equal_to_macstyle(): FAIL
bakery_lint.tests.downstream.test_gasp_table_value.CheckGaspTableType.test_check_gasp_table_type(): FAIL
$ fontbakery-fix-gasp.py --set=15 /home/travis/build/fontdirectory/syncopate/builds/build/Syncopate-Regular.ttf
$ mv /home/travis/build/fontdirectory/syncopate/builds/build/Syncopate-Regular.ttf.fix /home/travis/build/fontdirectory/syncopate/builds/build/Syncopate-Regular.ttf
bakery_lint.tests.downstream.test_gasp_table_value.CheckGaspTableType.test_check_gasp_table_type(): OK
$ fontbakery-fix-gasp.py --set=15 /home/travis/build/fontdirectory/syncopate/builds/build/Syncopate-Regular.ttf
$ mv /home/travis/build/fontdirectory/syncopate/builds/build/Syncopate-Regular.ttf.fix /home/travis/build/fontdirectory/syncopate/builds/build/Syncopate-Regular.ttf
### Optimize TTF Syncopate-Regular.ttf
$ ls -l 'Syncopate-Regular.ttf'* # look at the size savings of that subset process
Syncopate-Regular.ttf.opt: 60156 bytes
Syncopate-Regular.ttf: 193824 bytes
$ mv /home/travis/build/fontdirectory/syncopate/builds/build/Syncopate-Regular.ttf.opt /home/travis/build/fontdirectory/syncopate/builds/build/Syncopate-Regular.ttf
### Autohint TTFs (ttfautohint) Syncopate-Regular.ttf
$ ttfautohint -l 7 -r 28 -G 50 -x 13 -w "G" /home/travis/build/fontdirectory/syncopate/builds/build/Syncopate-Regular.ttf '/home/travis/build/fontdirectory/syncopate/builds/build/Syncopate-Regular.autohint.ttf'

$ ls -l /home/travis/build/fontdirectory/syncopate/builds/build/Syncopate-Regular.*ttf # look at the size savings of that subset process
/home/travis/build/fontdirectory/syncopate/builds/build/Syncopate-Regular.ttf: 60156 bytes
/home/travis/build/fontdirectory/syncopate/builds/build/Syncopate-Regular.autohint.ttf: 48848 bytes
$ mv /home/travis/build/fontdirectory/syncopate/builds/build/Syncopate-Regular.autohint.ttf /home/travis/build/fontdirectory/syncopate/builds/build/Syncopate-Regular.ttf
### Subset TTFs (pyftsubset) Syncopate-Regular.ttf
$ pyftsubset Syncopate-Regular.latin
$ pyftsubset Syncopate-Regular.menu
spaceWidth is    770
nbspWidth is     770
Nothing to do
strippedname:/home/travis/build/fontdirectory/syncopate/builds/build/Syncopate-Regular.ttf
### (5 of 6) Generate METADATA.json (fontbakery-build-metadata.py)
$ fontbakery-build-metadata.py /home/travis/build/fontdirectory/syncopate/builds/build
{} exists
Designer's name from font is: Astigmatic (AOETI)
Original size: 48848\nGzip size: 23595
Family Name: Syncopate
PS Name: Syncopate-Bold
Full Name: Syncopate Bold
Style: normal
Weight: 700
Filename: Syncopate-Bold.ttf
Copyright: Copyright (c) 2010 by Brian J. Bonislawsky DBA Astigmatic (AOETI). All rights reserved. Available under the Apache 2.0 licence.\rhttp://www.apache.org/licenses/LICENSE-2.0.html
Family Name: Syncopate
PS Name: Syncopate-Regular
Full Name: Syncopate-Regular
Style: normal
Weight: 300
Filename: Syncopate-Regular.ttf
Copyright: Copyright (c) 2010 by Brian J. Bonislawsky DBA Astigmatic (AOETI). All rights reserved. Available under the Apache 2.0 licence.\rhttp://www.apache.org/licenses/LICENSE-2.0.html
### (6 of 6) Run tests for METADATA.json
$ fontbakery-check.py metadata METADATA.json
bakery_lint.tests.metadata_test.MetadataSubsetsListTest.test_charset_latin(): OK
bakery_lint.tests.metadata_test.MetadataSubsetsListTest.test_charset_menu(): OK
bakery_lint.tests.metadata_test.MetadataTest.test_description_is_more_than_500b(): OK
bakery_lint.tests.metadata_test.MetadataTest.test_description_is_valid_html(): FAIL
bakery_lint.tests.metadata_test.MetadataTest.test_does_not_familyName_exist_in_daltonmaag_catalogue(): FAIL
bakery_lint.tests.metadata_test.MetadataTest.test_does_not_familyName_exist_in_fontbureau_catalogue(): FAIL
bakery_lint.tests.metadata_test.MetadataTest.test_does_not_familyName_exist_in_fontscom_catalogue(): FAIL
bakery_lint.tests.metadata_test.MetadataTest.test_does_not_familyName_exist_in_fontshop_catalogue(): FAIL
bakery_lint.tests.metadata_test.MetadataTest.test_does_not_familyName_exist_in_fontsmith_catalogue(): FAIL
bakery_lint.tests.metadata_test.MetadataTest.test_does_not_familyName_exist_in_houseind_catalogue(): FAIL
bakery_lint.tests.metadata_test.MetadataTest.test_does_not_familyName_exist_in_myfonts_catalogue(): FAIL
bakery_lint.tests.metadata_test.MetadataTest.test_does_not_familyName_exist_in_veer_catalogue(): FAIL
bakery_lint.tests.metadata_test.MetadataTest.test_family_is_listed_in_gwf(): OK
bakery_lint.tests.metadata_test.MetadataTest.test_metadata_atleast_latin_menu_subsets_exist(): OK
/home/travis/virtualenv/python2.7.8/lib/python2.7/site-packages/bakery_lint/tests/metadata_test.py:141: UnicodeWarning: Unicode equal comparison failed to convert both arguments to Unicode - interpreting them as being unequal
  self.assertTrue(designer in designers,
bakery_lint.tests.metadata_test.MetadataTest.test_metadata_designer_exists_in_profiles_csv(): OK
bakery_lint.tests.metadata_test.MetadataTest.test_metadata_fonts_items_dicts(): OK
bakery_lint.tests.metadata_test.MetadataTest.test_metadata_fonts_key_list(): OK
bakery_lint.tests.metadata_test.MetadataTest.test_metadata_fonts_no_dupes(): OK
bakery_lint.tests.metadata_test.MetadataTest.test_metadata_has_unique_style_weight_pairs(): OK
bakery_lint.tests.metadata_test.MetadataTest.test_metadata_keys(): OK
bakery_lint.tests.metadata_test.MetadataTest.test_metadata_license(): OK
bakery_lint.tests.metadata_test.MetadataTest.test_metadata_no_unknown_top_keys(): OK
bakery_lint.tests.metadata_test.MetadataTest.test_metadata_subsets_key_list(): OK
bakery_lint.tests.metadata_test.MetadataTest.test_metadata_top_keys_types(): OK
bakery_lint.tests.downstream.test_check_subsets_exists.CheckSubsetsExist.test_check_subsets_exists(): OK
bakery_lint.tests.downstream.test_metadata_agreements.TestFontOnDiskFamilyEqualToMetadataJSON.test_font_on_disk_family_equal_in_metadata_json(): OK
bakery_lint.tests.downstream.test_metadata_agreements.TestPostScriptNameInMetadataEqualFontOnDisk.test_postscriptname_in_metadata_equal_to_font_on_disk(): OK
bakery_lint.tests.downstream.test_metadata_agreements.CheckMetadataAgreements.test_font_name_matches_family(): OK
bakery_lint.tests.downstream.test_metadata_agreements.CheckMetadataAgreements.test_metadata_family_values_are_all_the_same(): OK
bakery_lint.tests.downstream.test_metadata_agreements.CheckMetadataAgreements.test_metadata_filename_matches_postscriptname(): OK
bakery_lint.tests.downstream.test_metadata_agreements.CheckMetadataAgreements.test_metadata_font_have_regular(): OK
bakery_lint.tests.downstream.test_metadata_agreements.CheckMetadataAgreements.test_metadata_fonts_fields_have_fontname(): OK
bakery_lint.tests.downstream.test_metadata_agreements.CheckMetadataAgreements.test_metadata_fullname_is_equal_to_internal_font_fullname(): FAIL
bakery_lint.tests.downstream.test_metadata_agreements.CheckMetadataAgreements.test_metadata_fullname_matches_postScriptName(): FAIL
bakery_lint.tests.downstream.test_metadata_agreements.CheckMetadataAgreements.test_metadata_regular_is_400(): OK
bakery_lint.tests.downstream.test_metadata_agreements.CheckMetadataAgreements.test_metadata_regular_is_normal(): FAIL
bakery_lint.tests.downstream.test_check_monospace_agreements.CheckMonospaceAgreement.test_check_monospace_agreement(): OK
bakery_lint.tests.downstream.test_check_canonical_weights.CheckCanonicalWeights.test_check_canonical_weights(): FAIL
bakery_lint.tests.downstream.test_check_canonical_weights.CheckPostScriptNameMatchesWeight.test_postscriptname_contains_correct_weight(): OK
bakery_lint.tests.downstream.test_check_canonical_weights.CheckFontWeightSameAsInMetadata.test_font_weight_same_as_in_metadata(): FAIL
bakery_lint.tests.downstream.test_check_canonical_weights.CheckFullNameEqualCanonicalName.test_metadata_contains_current_font(): OK
bakery_lint.tests.downstream.test_check_metadata_matches_nametable.CheckMetadataMatchesNameTable.test_check_metadata_matches_nametable(): FAIL
bakery_lint.tests.downstream.test_check_files_menu_agreements.CheckFontsMenuAgreements.test_menu_file_agreement(): OK
bakery_lint.tests.downstream.test_check_font_name_not_in_camelcase.CheckFontNameNotInCamelCase.test_fontname_not_in_camel_case(): OK
bakery_lint.tests.downstream.test_check_canonical_styles.CheckCanonicalStyles.test_check_canonical_styles(): OK
bakery_lint.tests.downstream.test_check_metadata_fields.CheckMetadataFields.test_check_metadata_fields(): OK
bakery_lint.tests.downstream.test_check_canonical_filenames.CheckCanonicalFilenames.test_check_canonical_filenames(): OK
bakery_lint.tests.downstream.test_check_familyname_matches_fontnames.CheckFamilyNameMatchesFontNames.test_check_familyname_matches_fontnames(): OK
bakery_lint.tests.downstream.test_check_glyph_consistency.CheckGlyphConsistencyInFamily.test_the_same_encodings_of_glyphs_across_family(): OK
bakery_lint.tests.downstream.test_check_glyph_consistency.CheckGlyphConsistencyInFamily.test_the_same_names_of_glyphs_across_family(): OK
bakery_lint.tests.downstream.test_check_glyph_consistency.CheckGlyphConsistencyInFamily.test_the_same_number_of_glyphs_across_family(): OK
bakery_lint.tests.downstream.test_check_metadata_style_matches_names.CheckItalicStyleMatchesMacStyle.test_check_italic_style_matches_names(): OK
bakery_lint.tests.downstream.test_check_metadata_style_matches_names.CheckNormalStyleMatchesMacStyle.test_check_normal_style_matches_names(): OK
bakery_lint.tests.downstream.test_check_menu_contains_proper_glyphs.CheckMenuSubsetContainsProperGlyphs.test_check_menu_contains_proper_glyphs(): FAIL
bakery_lint.tests.downstream.test_metadata_font_copyright.CheckMetadataContainsReservedFontName.test_copyright_contains_correct_rfn(): FAIL
bakery_lint.tests.downstream.test_metadata_font_copyright.CheckMetadataContainsReservedFontName.test_copyright_is_consistent_across_family(): OK
bakery_lint.tests.downstream.test_metadata_font_copyright.CheckMetadataContainsReservedFontName.test_copyright_matches_pattern(): OK
bakery_lint.tests.downstream.test_metadata_font_copyright.CheckMetadataContainsReservedFontName.test_metadata_copyright_size(): OK
bakery_lint.tests.downstream.test_check_text_files_exist.CheckTextFilesExist.test_copyrighttxt_exists(): FAIL
bakery_lint.tests.downstream.test_check_text_files_exist.CheckTextFilesExist.test_description_exists(): OK
bakery_lint.tests.downstream.test_check_text_files_exist.CheckTextFilesExist.test_fontlogtxt_exists(): FAIL
bakery_lint.tests.downstream.test_check_text_files_exist.CheckTextFilesExist.test_licensetxt_exists(): FAIL
{
  "name": "Syncopate", 
  "designer": "Astigmatic", 
  "license": "Apache2", 
  "visibility": "External", 
  "category": "Sans Serif", 
  "size": 68851, 
  "fonts": [
    {
      "name": "Syncopate", 
      "postScriptName": "Syncopate-Bold", 
      "fullName": "Syncopate Bold", 
      "style": "normal", 
      "weight": 700, 
      "filename": "Syncopate-Bold.ttf", 
      "copyright": "Copyright (c) 2010 by Brian J. Bonislawsky DBA Astigmatic (AOETI). All rights reserved. Available under the Apache 2.0 licence.\rhttp://www.apache.org/licenses/LICENSE-2.0.html"
    }, 
    {
      "name": "Syncopate", 
      "postScriptName": "Syncopate-Regular", 
      "fullName": "Syncopate-Regular", 
      "style": "normal", 
      "weight": 300, 
      "filename": "Syncopate-Regular.ttf", 
      "copyright": "Copyright (c) 2010 by Brian J. Bonislawsky DBA Astigmatic (AOETI). All rights reserved. Available under the Apache 2.0 licence.\rhttp://www.apache.org/licenses/LICENSE-2.0.html"
    }
  ], 
  "subsets": [
    "latin", 
    "menu"
  ], 
  "dateAdded": "2011-04-27"
}
